Warning: Found unknown `exclude` config for profile `default` defined in /tmp/csh-source-pilots-20260908.EwRfw5/uniswap-v3-periphery/foundry.toml.
Compiling 122 files with Solc 0.7.6
Solc 0.7.6 finished in 3.09s
Compiler run successful with warnings:
Warning (2462): Visibility for constructor is ignored. If you want the contract to be non-deployable, making it "abstract" is sufficient.
lib/openzeppelin-contracts/contracts/introspection/ERC165.sol:24:5: Warning: Visibility for constructor is ignored. If you want the contract to be non-deployable, making it "abstract" is sufficient.
    constructor () internal {
    ^ (Relevant source part starts here and spans across multiple lines).
Warning (2462): Visibility for constructor is ignored. If you want the contract to be non-deployable, making it "abstract" is sufficient.
lib/openzeppelin-contracts/contracts/token/ERC721/ERC721.sol:93:5: Warning: Visibility for constructor is ignored. If you want the contract to be non-deployable, making it "abstract" is sufficient.
    constructor (string memory name_, string memory symbol_) public {
    ^ (Relevant source part starts here and spans across multiple lines).
Warning (2462): Visibility for constructor is ignored. If you want the contract to be non-deployable, making it "abstract" is sufficient.
lib/openzeppelin-contracts/contracts/token/ERC20/ERC20.sol:55:5: Warning: Visibility for constructor is ignored. If you want the contract to be non-deployable, making it "abstract" is sufficient.
    constructor (string memory name_, string memory symbol_) public {
    ^ (Relevant source part starts here and spans across multiple lines).
Warning (2462): Visibility for constructor is ignored. If you want the contract to be non-deployable, making it "abstract" is sufficient.
lib/openzeppelin-contracts/contracts/drafts/EIP712.sol:48:5: Warning: Visibility for constructor is ignored. If you want the contract to be non-deployable, making it "abstract" is sufficient.
    constructor(string memory name, string memory version) internal {
    ^ (Relevant source part starts here and spans across multiple lines).
Warning (2462): Visibility for constructor is ignored. If you want the contract to be non-deployable, making it "abstract" is sufficient.
lib/openzeppelin-contracts/contracts/drafts/ERC20Permit.sol:34:5: Warning: Visibility for constructor is ignored. If you want the contract to be non-deployable, making it "abstract" is sufficient.
    constructor(string memory name) internal EIP712(name, "1") {
    ^ (Relevant source part starts here and spans across multiple lines).
Warning: unable to lint. Solar only supports Solidity versions >=0.8.0
