{
  "ok": true,
  "fixtureCount": 9,
  "steps": [
    {
      "name": "init",
      "ms": 575,
      "exitCode": 0
    },
    {
      "name": "fixture-approve-095ea7b3",
      "ms": 441,
      "exitCode": 0
    },
    {
      "name": "fixture-burn-9dc29fac",
      "ms": 442,
      "exitCode": 0
    },
    {
      "name": "fixture-deposit-6e553f65",
      "ms": 438,
      "exitCode": 0
    },
    {
      "name": "fixture-mint-40c10f19",
      "ms": 441,
      "exitCode": 0
    },
    {
      "name": "fixture-mint-94bf804d",
      "ms": 442,
      "exitCode": 0
    },
    {
      "name": "fixture-redeem-ba087652",
      "ms": 449,
      "exitCode": 0
    },
    {
      "name": "fixture-transfer-a9059cbb",
      "ms": 443,
      "exitCode": 0
    },
    {
      "name": "fixture-transferFrom-23b872dd",
      "ms": 438,
      "exitCode": 0
    },
    {
      "name": "fixture-withdraw-b460af94",
      "ms": 443,
      "exitCode": 0
    },
    {
      "name": "preview-pilot-approve-095ea7b3",
      "ms": 462,
      "exitCode": 0
    },
    {
      "name": "preview-pilot-burn-9dc29fac",
      "ms": 457,
      "exitCode": 0
    },
    {
      "name": "preview-pilot-deposit-6e553f65",
      "ms": 466,
      "exitCode": 0
    },
    {
      "name": "preview-pilot-mint-40c10f19",
      "ms": 462,
      "exitCode": 0
    },
    {
      "name": "preview-pilot-mint-94bf804d",
      "ms": 454,
      "exitCode": 0
    },
    {
      "name": "preview-pilot-redeem-ba087652",
      "ms": 463,
      "exitCode": 0
    },
    {
      "name": "preview-pilot-transfer-a9059cbb",
      "ms": 467,
      "exitCode": 0
    },
    {
      "name": "preview-pilot-transferFrom-23b872dd",
      "ms": 468,
      "exitCode": 0
    },
    {
      "name": "preview-pilot-withdraw-b460af94",
      "ms": 474,
      "exitCode": 0
    },
    {
      "name": "review",
      "ms": 450,
      "exitCode": 0
    },
    {
      "name": "test-update",
      "ms": 492,
      "exitCode": 0
    },
    {
      "name": "test",
      "ms": 498,
      "exitCode": 0
    },
    {
      "name": "check-strict",
      "ms": 457,
      "exitCode": 0
    },
    {
      "name": "export-strict",
      "ms": 507,
      "exitCode": 0
    }
  ]
}
