{
  "ok": true,
  "fixtureCount": 9,
  "steps": [
    {
      "name": "init",
      "ms": 582,
      "exitCode": 0
    },
    {
      "name": "fixture-approve-095ea7b3",
      "ms": 447,
      "exitCode": 0
    },
    {
      "name": "fixture-burn-9dc29fac",
      "ms": 442,
      "exitCode": 0
    },
    {
      "name": "fixture-deposit-6e553f65",
      "ms": 442,
      "exitCode": 0
    },
    {
      "name": "fixture-mint-40c10f19",
      "ms": 437,
      "exitCode": 0
    },
    {
      "name": "fixture-mint-94bf804d",
      "ms": 435,
      "exitCode": 0
    },
    {
      "name": "fixture-redeem-ba087652",
      "ms": 438,
      "exitCode": 0
    },
    {
      "name": "fixture-transfer-a9059cbb",
      "ms": 444,
      "exitCode": 0
    },
    {
      "name": "fixture-transferFrom-23b872dd",
      "ms": 448,
      "exitCode": 0
    },
    {
      "name": "fixture-withdraw-b460af94",
      "ms": 435,
      "exitCode": 0
    },
    {
      "name": "preview-pilot-approve-095ea7b3",
      "ms": 451,
      "exitCode": 0
    },
    {
      "name": "preview-pilot-burn-9dc29fac",
      "ms": 461,
      "exitCode": 0
    },
    {
      "name": "preview-pilot-deposit-6e553f65",
      "ms": 458,
      "exitCode": 0
    },
    {
      "name": "preview-pilot-mint-40c10f19",
      "ms": 460,
      "exitCode": 0
    },
    {
      "name": "preview-pilot-mint-94bf804d",
      "ms": 461,
      "exitCode": 0
    },
    {
      "name": "preview-pilot-redeem-ba087652",
      "ms": 461,
      "exitCode": 0
    },
    {
      "name": "preview-pilot-transfer-a9059cbb",
      "ms": 466,
      "exitCode": 0
    },
    {
      "name": "preview-pilot-transferFrom-23b872dd",
      "ms": 457,
      "exitCode": 0
    },
    {
      "name": "preview-pilot-withdraw-b460af94",
      "ms": 468,
      "exitCode": 0
    },
    {
      "name": "review",
      "ms": 454,
      "exitCode": 0
    },
    {
      "name": "test-update",
      "ms": 494,
      "exitCode": 0
    },
    {
      "name": "test",
      "ms": 500,
      "exitCode": 0
    },
    {
      "name": "check-strict",
      "ms": 454,
      "exitCode": 0
    },
    {
      "name": "export-strict",
      "ms": 502,
      "exitCode": 0
    }
  ]
}
