
> @ledgerhq/ldmk@1.0.0 cs-tester /tmp/csh-device-sdk-ts-pinned
> pnpm --filter @ledgerhq/clear-signing-tester cli raw-file /tmp/csh-device-shape-cases/bundler-tuple-array/raw.json --device stax --custom-app /tmp/csh-app-ethereum-stax-1.22.3.elf --docker-image-tag csh-device-20260908 --speculos-port 19191 --speculos-vnc-port 29191 --erc7730-files /tmp/csh-device-shape-cases/bundler-tuple-array/calldata-bundler-tuple-array.json --screenshot-folder-path /tmp/csh-ledger-shapes-stax/bundler-tuple-array/screenshots --log-file /tmp/csh-ledger-shapes-stax/bundler-tuple-array/tester.log --file-log-level debug --log-level info


> @ledgerhq/clear-signing-tester@1.0.0 cli /tmp/csh-device-sdk-ts-pinned/apps/clear-signing-tester
> tsx src/cli/EthereumTransactionTesterCli.ts raw-file /tmp/csh-device-shape-cases/bundler-tuple-array/raw.json --device stax --custom-app /tmp/csh-app-ethereum-stax-1.22.3.elf --docker-image-tag csh-device-20260908 --speculos-port 19191 --speculos-vnc-port 29191 --erc7730-files /tmp/csh-device-shape-cases/bundler-tuple-array/calldata-bundler-tuple-array.json --screenshot-folder-path /tmp/csh-ledger-shapes-stax/bundler-tuple-array/screenshots --log-file /tmp/csh-ledger-shapes-stax/bundler-tuple-array/tester.log --file-log-level debug --log-level info

touchscreen-controller Initialized touchscreen controller for stax
cli Setting up CAL interceptor with 1 ERC7730 file(s)
cli Processing: /tmp/csh-device-shape-cases/bundler-tuple-array/calldata-bundler-tuple-array.json
Stored new descriptors for 1:0x6566194141eefa99af43bb5aa71460ca2dc90245
Stored 41 certificates
CAL Interceptor started
cli Interceptor active with 1 descriptor(s)
main-service-controller Starting all services...
speculos-service-controller Starting Docker container with name: cs-tester-speculos-stax-19191
speculos-service-controller API url: http://localhost:19191
speculos-service-controller VNC url: vnc://localhost:29191
speculos-service-controller device=stax
speculos-service-controller Using custom app: /custom-app/app.elf
speculos-service-controller Custom app volume: /tmp/csh-app-ethereum-stax-1.22.3.elf:/custom-app/app.elf
dmk-service-controller Starting DMK
[DeviceSessionService] DeviceSession added { sessionId: '835e1e81-3a7c-454a-a3f5-976c53f72cb8' }
dmk-service-controller DMK started successfully
main-service-controller All services started successfully
test-batch-transaction Processing transactions from: /tmp/csh-device-shape-cases/bundler-tuple-array/raw.json
test-batch-transaction Found 1 transaction to test
test-batch-transaction Testing transaction 1/1
screenshot-saver Saved screenshot: /tmp/csh-ledger-shapes-stax/bundler-tuple-array/screenshots/screenshot_1.png
screenshot-saver Saved screenshot: /tmp/csh-ledger-shapes-stax/bundler-tuple-array/screenshots/screenshot_2.png
Intercepted dapps request for 1:0x6566194141eefa99af43bb5aa71460ca2dc90245 (descriptors_calldata)
Intercepted certificate request for stax:cal_calldata_key:calldata
Intercepted certificate request for stax:cal_network:network
Intercepted certificate request for stax:cal_gated_signing:gated_signing
screenshot-saver Saved screenshot: /tmp/csh-ledger-shapes-stax/bundler-tuple-array/screenshots/screenshot_3.png
screenshot-saver Saved screenshot: /tmp/csh-ledger-shapes-stax/bundler-tuple-array/screenshots/screenshot_4.png
screenshot-saver Saved screenshot: /tmp/csh-ledger-shapes-stax/bundler-tuple-array/screenshots/screenshot_5.png
screenshot-saver Saved screenshot: /tmp/csh-ledger-shapes-stax/bundler-tuple-array/screenshots/screenshot_6.png
screenshot-saver Saved screenshot: /tmp/csh-ledger-shapes-stax/bundler-tuple-array/screenshots/screenshot_7.png
screenshot-saver Saved screenshot: /tmp/csh-ledger-shapes-stax/bundler-tuple-array/screenshots/screenshot_8.png
screenshot-saver Saved screenshot: /tmp/csh-ledger-shapes-stax/bundler-tuple-array/screenshots/screenshot_9.png
screenshot-saver Saved screenshot: /tmp/csh-ledger-shapes-stax/bundler-tuple-array/screenshots/screenshot_10.png
screen-analyzer SCREEN TEXT ANALYSIS
screen-analyzer Accumulated screen texts from device: {
  data: {
    accumulatedTexts: [
      'Review transaction to Multicall Swipe to review Reject 1 of 5',
      'Review transaction to Multicall Swipe to review Reject 1 of 5',
      'Review transaction to Multicall Swipe to review Reject 1 of 5',
      'Review transaction to Multicall Swipe to review Reject 1 of 5',
      'Review transaction to Multicall Swipe to review Reject 1 of 5',
      'Interaction with Morpho DAO To 0x00000000000000 0000000000000000 0000000011 To 0x00000000000000 0000000000000000 0000000022 Data 0xabcd Reject 2 of 5',
      'Interaction with Morpho DAO To 0x00000000000000 0000000000000000 0000000011 To 0x00000000000000 0000000000000000 0000000022 Data 0xabcd Reject 2 of 5',
      'Interaction with Morpho DAO To 0x00000000000000 0000000000000000 0000000011 To 0x00000000000000 0000000000000000 0000000022 Data 0xabcd Reject 2 of 5',
      'Interaction with Morpho DAO To 0x00000000000000 0000000000000000 0000000011 To 0x00000000000000 0000000000000000 0000000022 Data 0xabcd Reject 2 of 5',
      'Data 0x1234 Value 111 Value 222 Skip Revert false Skip Revert true Reject 3 of 5',
      'Data 0x1234 Value 111 Value 222 Skip Revert false Skip Revert true Reject 3 of 5',
      'Data 0x1234 Value 111 Value 222 Skip Revert false Skip Revert true Reject 3 of 5',
      'Data 0x1234 Value 111 Value 222 Skip Revert false Skip Revert true Reject 3 of 5',
      'Callback Hash 0x11111111111111111111 11111111111111111111111 111111111111111111111 Callback Hash 0x222222222222222 22222222222222222 22222222222222222 222222222222222 Max fees 0 ETH Reject 4 of 5',
      'Callback Hash 0x11111111111111111111 11111111111111111111111 111111111111111111111 Callback Hash 0x222222222222222 22222222222222222 22222222222222222 222222222222222 Max fees 0 ETH Reject 4 of 5',
      'Callback Hash 0x11111111111111111111 11111111111111111111111 111111111111111111111 Callback Hash 0x222222222222222 22222222222222222 22222222222222222 222222222222222 Max fees 0 ETH Reject 4 of 5',
      'Callback Hash 0x11111111111111111111 11111111111111111111111 111111111111111111111 Callback Hash 0x222222222222222 22222222222222222 22222222222222222 222222222222222 Max fees 0 ETH Reject 4 of 5',
      'Sign transaction to Multicall? Reject 5 of 5 Hold to sign',
      'Sign transaction to Multicall? Reject 5 of 5 Hold to sign',
      'Sign transaction to Multicall? Reject 5 of 5 Hold to sign',
      'Sign transaction to Multicall? Reject 5 of 5 Hold to sign',
      'Transaction signed',
      'Transaction signed',
      'Transaction signed',
      'Ethereum This app enables signing transactions on the Ethereum network. Quit app'
    ]
  }
}
screen-analyzer Summary: 22/22 expected texts found
screen-analyzer Result: All expected texts found (clear signed)

📋 TRANSACTION TEST RESULTS
┌─────────┬─────────────────────────────────┬───────────────────┐
│ (index) │ Description                     │ Status            │
├─────────┼─────────────────────────────────┼───────────────────┤
│ 0       │ 'synthetic-bundler-tuple-array' │ '✅ clear signed' │
└─────────┴─────────────────────────────────┴───────────────────┘

📊 TRANSACTION BATCH SUMMARY
┌─────────┬────────────────────────────┬───────┬────────────┐
│ (index) │ Status                     │ Count │ Percentage │
├─────────┼────────────────────────────┼───────┼────────────┤
│ 0       │ '✅ Clear Signed'          │ 1     │ '100.0%'   │
│ 1       │ '⚠️ Partially Clear Signed' │ 0     │ '0.0%'     │
│ 2       │ '🙈 Blind Signed'          │ 0     │ '0.0%'     │
│ 3       │ '❌ Errors'                │ 0     │ '0.0%'     │
└─────────┴────────────────────────────┴───────┴────────────┘
main-service-controller Stopping all services...
[DeviceSessionService] DeviceSession removed { sessionId: '835e1e81-3a7c-454a-a3f5-976c53f72cb8' }
main-service-controller All services stopped successfully
CAL Interceptor stopped
cli CAL interceptor stopped
[SpeculosTransport] Speculos server unavailable, disconnecting device SpeculosID
