{
  "ok": true,
  "fixtureCount": 9,
  "steps": [
    {
      "name": "init",
      "ms": 580,
      "exitCode": 0
    },
    {
      "name": "fixture-approve-095ea7b3",
      "ms": 443,
      "exitCode": 0
    },
    {
      "name": "fixture-burn-9dc29fac",
      "ms": 442,
      "exitCode": 0
    },
    {
      "name": "fixture-deposit-6e553f65",
      "ms": 443,
      "exitCode": 0
    },
    {
      "name": "fixture-mint-40c10f19",
      "ms": 447,
      "exitCode": 0
    },
    {
      "name": "fixture-mint-94bf804d",
      "ms": 437,
      "exitCode": 0
    },
    {
      "name": "fixture-redeem-ba087652",
      "ms": 431,
      "exitCode": 0
    },
    {
      "name": "fixture-transfer-a9059cbb",
      "ms": 436,
      "exitCode": 0
    },
    {
      "name": "fixture-transferFrom-23b872dd",
      "ms": 442,
      "exitCode": 0
    },
    {
      "name": "fixture-withdraw-b460af94",
      "ms": 436,
      "exitCode": 0
    },
    {
      "name": "preview-pilot-approve-095ea7b3",
      "ms": 460,
      "exitCode": 0
    },
    {
      "name": "preview-pilot-burn-9dc29fac",
      "ms": 460,
      "exitCode": 0
    },
    {
      "name": "preview-pilot-deposit-6e553f65",
      "ms": 509,
      "exitCode": 0
    },
    {
      "name": "preview-pilot-mint-40c10f19",
      "ms": 462,
      "exitCode": 0
    },
    {
      "name": "preview-pilot-mint-94bf804d",
      "ms": 458,
      "exitCode": 0
    },
    {
      "name": "preview-pilot-redeem-ba087652",
      "ms": 471,
      "exitCode": 0
    },
    {
      "name": "preview-pilot-transfer-a9059cbb",
      "ms": 470,
      "exitCode": 0
    },
    {
      "name": "preview-pilot-transferFrom-23b872dd",
      "ms": 467,
      "exitCode": 0
    },
    {
      "name": "preview-pilot-withdraw-b460af94",
      "ms": 463,
      "exitCode": 0
    },
    {
      "name": "review",
      "ms": 455,
      "exitCode": 0
    },
    {
      "name": "test-update",
      "ms": 492,
      "exitCode": 0
    },
    {
      "name": "test",
      "ms": 491,
      "exitCode": 0
    },
    {
      "name": "check-strict",
      "ms": 450,
      "exitCode": 0
    },
    {
      "name": "export-strict",
      "ms": 502,
      "exitCode": 0
    }
  ]
}
