<!-- erc7730-recommended-fields -->
## Clear signing recommendations

These are suggestions. They do not block this pull request.

**17 format(s) have no `interpolatedIntent`.** A wallet prefers it over `intent`, because it puts the values of the transaction in the sentence that the signer reads.

- `registry/morpho/calldata-MorphoBlue.json` — `accrueInterest((address loanToken,address collateralToken,address oracle,address irm,uint256 lltv) marketParams)`
- `registry/morpho/calldata-MorphoBlue.json` — `borrow((address loanToken,address collateralToken,address oracle,address irm,uint256 lltv) marketParams,uint256 assets,uint256 shares,address onBehalf,address receiver)`
- `registry/morpho/calldata-MorphoBlue.json` — `createMarket((address loanToken,address collateralToken,address oracle,address irm,uint256 lltv) marketParams)`
- `registry/morpho/calldata-MorphoBlue.json` — `enableIrm(address irm)`
- `registry/morpho/calldata-MorphoBlue.json` — `enableLltv(uint256 lltv)`
- `registry/morpho/calldata-MorphoBlue.json` — `flashLoan(address token,uint256 assets,bytes data)`
- `registry/morpho/calldata-MorphoBlue.json` — `liquidate((address loanToken,address collateralToken,address oracle,address irm,uint256 lltv) marketParams,address borrower,uint256 seizedAssets,uint256 repaidShares,bytes data)`
- `registry/morpho/calldata-MorphoBlue.json` — `repay((address loanToken,address collateralToken,address oracle,address irm,uint256 lltv) marketParams,uint256 assets,uint256 shares,address onBehalf,bytes data)`
- `registry/morpho/calldata-MorphoBlue.json` — `setAuthorization(address authorized,bool newIsAuthorized)`
- `registry/morpho/calldata-MorphoBlue.json` — `setAuthorizationWithSig((address authorizer,address authorized,bool isAuthorized,uint256 nonce,uint256 deadline) authorization,(uint8 v,bytes32 r,bytes32 s) signature)`
- `registry/morpho/calldata-MorphoBlue.json` — `setFee((address loanToken,address collateralToken,address oracle,address irm,uint256 lltv) marketParams,uint256 newFee)`
- `registry/morpho/calldata-MorphoBlue.json` — `setFeeRecipient(address newFeeRecipient)`
- `registry/morpho/calldata-MorphoBlue.json` — `setOwner(address newOwner)`
- `registry/morpho/calldata-MorphoBlue.json` — `supply((address loanToken,address collateralToken,address oracle,address irm,uint256 lltv) marketParams,uint256 assets,uint256 shares,address onBehalf,bytes data)`
- `registry/morpho/calldata-MorphoBlue.json` — `supplyCollateral((address loanToken,address collateralToken,address oracle,address irm,uint256 lltv) marketParams,uint256 assets,address onBehalf,bytes data)`
- `registry/morpho/calldata-MorphoBlue.json` — `withdraw((address loanToken,address collateralToken,address oracle,address irm,uint256 lltv) marketParams,uint256 assets,uint256 shares,address onBehalf,address receiver)`
- `registry/morpho/calldata-MorphoBlue.json` — `withdrawCollateral((address loanToken,address collateralToken,address oracle,address irm,uint256 lltv) marketParams,uint256 assets,address onBehalf,address receiver)`

